$ git init
Reinitialized existing Git repository in /home/ccuser/workspace/snapfit-robots/.git/
$ git statud
git: 'statud' is not a git command. See 'git --help'.

Did you mean this?
        status
$ git status
On branch master

Initial commit

Untracked files:
  (use "git add <file>..." to include in what will be committed)

        disclaimer.txt
        instructions.txt
        warranty.txt

nothing added to commit but untracked files present (use "git add" to track)
$ git add disclaimer.txt
$ git add instructions.txt
$ git add warranty.txt
$ git status
On branch master

Initial commit

Changes to be committed:
  (use "git rm --cached <file>..." to unstage)

        new file:   disclaimer.txt
        new file:   instructions.txt
        new file:   warranty.txt

$ 